../Drivers/CMSIS/Include/core_cm7.h:2660:26:ITM_SendChar	16	static,ignoring_inline_asm
../Core/Src/main.c:36:5:_write	32	static
../Core/Src/main.c:108:6:HAL_ADC_ConvCpltCallback	16	static
../Core/Src/main.c:150:6:calculate_position	24	static
../Core/Src/main.c:167:6:calculate_speed	40	static
../Core/Src/main.c:185:6:set_motor_speed	40	static
../Core/Src/main.c:221:6:check_limit	4	static
../Core/Src/main.c:231:6:aufschwingen	16	static
../Core/Src/main.c:264:5:main	16	static
../Core/Src/main.c:374:6:SystemClock_Config	120	static
../Core/Src/main.c:432:6:PeriphCommonClock_Config	200	static
../Core/Src/main.c:459:13:MX_ADC2_Init	40	static
../Core/Src/main.c:524:13:MX_ADC3_Init	40	static
../Core/Src/main.c:596:13:MX_ETH_Init	8	static
../Core/Src/main.c:645:13:MX_TIM1_Init	96	static
../Core/Src/main.c:715:13:MX_USART2_UART_Init	8	static
../Core/Src/main.c:763:13:MX_USART3_UART_Init	8	static
../Core/Src/main.c:811:13:MX_USB_OTG_FS_PCD_Init	8	static
../Core/Src/main.c:845:13:MX_DMA_Init	16	static
../Core/Src/main.c:863:13:MX_GPIO_Init	64	static
../Core/Src/main.c:923:6:Error_Handler	4	static,ignoring_inline_asm
